
   PASS  Tests\Unit\ExampleTest
  Γ£ô that true is trΓÇª 0.01s  

   PASS  Tests\Feature\Auth\AuthenticationTest
  Γ£ô login screen caΓÇª 0.27s  
  Γ£ô users can autheΓÇª 0.05s  
  Γ£ô users can not aΓÇª 0.22s  
  Γ£ô users can logouΓÇª 0.01s  

   FAIL  Tests\Feature\Auth\EmailVerificationTest
  Γ£ô email verificatΓÇª 0.02s  
  Γ¿» email can be veΓÇª 1.03s  
  Γ£ô email is not veΓÇª 0.02s  

   PASS  Tests\Feature\Auth\PasswordConfirmationTest
  Γ£ô confirm passworΓÇª 0.02s  
  Γ£ô password can beΓÇª 0.02s  
  Γ£ô password is notΓÇª 0.23s  

   FAIL  Tests\Feature\Auth\PasswordResetTest
  Γ£ô reset passwordΓÇª  0.03s  
  Γ£ô reset passwordΓÇª  0.23s  
  Γ£ô reset passwordΓÇª  0.24s  
  Γ¿» password can beΓÇª 0.97s  

   PASS  Tests\Feature\Auth\PasswordUpdateTest
  Γ£ô password can beΓÇª 0.02s  
  Γ£ô correct passworΓÇª 0.02s  

   PASS  Tests\Feature\Auth\RegistrationTest
  Γ£ô registration scΓÇª 0.02s  
  Γ£ô new users can rΓÇª 0.02s  

   PASS  Tests\Feature\ExampleTest
  Γ£ô it returns a suΓÇª 0.02s  

   PASS  Tests\Feature\ProfileTest
  Γ£ô profile page isΓÇª 0.03s  
  Γ£ô profile informaΓÇª 0.02s  
  Γ£ô email verificatΓÇª 0.02s  
  Γ£ô user can deleteΓÇª 0.02s  
  Γ£ô correct passworΓÇª 0.02s  
  ΓöÇΓöÇΓöÇΓöÇΓöÇΓöÇΓöÇΓöÇΓöÇΓöÇΓöÇΓöÇΓöÇΓöÇΓöÇΓöÇΓöÇΓöÇΓöÇΓöÇΓöÇΓöÇΓöÇΓöÇ  
   FAILED  Tests\FeatureΓÇª   
  The expected [Illuminate\Auth\Events\Verified] event was not dispatched.
Failed asserting that false is true.

  at vendor\laravel\framework\src\Illuminate\Support\Testing\Fakes\EventFake.php:144
    140Γûò         if (is_int($callback)) {
    141Γûò             return $this->assertDispatchedTimes($event, $callback);
    142Γûò         }
    143Γûò 
  Γ₧£ 144Γûò         PHPUnit::assertTrue(
    145Γûò             $this->dispatched($event, $callback)->count() > 0,
    146Γûò             "The expected [{$event}] event was not dispatched."
    147Γûò         );
    148Γûò     }

  1   vendor\laravel\framework\src\Illuminate\Support\Testing\Fakes\EventFake.php:144
  2   vendor\laravel\framework\src\Illuminate\Support\Facades\Facade.php:363

  ΓöÇΓöÇΓöÇΓöÇΓöÇΓöÇΓöÇΓöÇΓöÇΓöÇΓöÇΓöÇΓöÇΓöÇΓöÇΓöÇΓöÇΓöÇΓöÇΓöÇΓöÇΓöÇΓöÇΓöÇ  
   FAILED  Tests\FeatureΓÇª   
  Expected response status code [201, 301, 302, 303, 307, 308] but received 500.
Failed asserting that false is true.

The following exception occurred during the last request:

PDOException: SQLSTATE[HY000]: General error: 1 no such column: remember_token in D:\Car_rent_system_BD\vendor\laravel\framework\src\Illuminate\Database\Connection.php:605
Stack trace:
#0 D:\Car_rent_system_BD\vendor\laravel\framework\src\Illuminate\Database\Connection.php(605): PDO->prepare('update "users" ...')
#1 D:\Car_rent_system_BD\vendor\laravel\framework\src\Illuminate\Database\Connection.php(827): Illuminate\Database\Connection->Illuminate\Database\{closure}('update "users" ...', Array)
#2 D:\Car_rent_system_BD\vendor\laravel\framework\src\Illuminate\Database\Connection.php(794): Illuminate\Database\Connection->runQueryCallback('update "users" ...', Array, Object(Closure))
#3 D:\Car_rent_system_BD\vendor\laravel\framework\src\Illuminate\Database\Connection.php(597): Illuminate\Database\Connection->run('update "users" ...', Array, Object(Closure))
#4 D:\Car_rent_system_BD\vendor\laravel\framework\src\Illuminate\Database\Connection.php(549): Illuminate\Database\Connection->affectingStatement('update "users" ...', Array)
#5 D:\Car_rent_system_BD\vendor\laravel\framework\src\Illuminate\Database\Query\Builder.php(4234): Illuminate\Database\Connection->update('update "users" ...', Array)
#6 D:\Car_rent_system_BD\vendor\laravel\framework\src\Illuminate\Database\Eloquent\Builder.php(1266): Illuminate\Database\Query\Builder->update(Object(Illuminate\Support\Collection))
#7 D:\Car_rent_system_BD\vendor\laravel\framework\src\Illuminate\Database\Eloquent\Model.php(1316): Illuminate\Database\Eloquent\Builder->update(Array)
#8 D:\Car_rent_system_BD\vendor\laravel\framework\src\Illuminate\Database\Eloquent\Model.php(1233): Illuminate\Database\Eloquent\Model->performUpdate(Object(Illuminate\Database\Eloquent\Builder))
#9 D:\Car_rent_system_BD\app\Http\Controllers\Auth\NewPasswordController.php(49): Illuminate\Database\Eloquent\Model->save()
#10 D:\Car_rent_system_BD\vendor\laravel\framework\src\Illuminate\Auth\Passwords\PasswordBroker.php(139): App\Http\Controllers\Auth\NewPasswordController->App\Http\Controllers\Auth\{closure}(Object(App\Models\User), 'password')
#11 D:\Car_rent_system_BD\vendor\laravel\framework\src\Illuminate\Support\Timebox.php(34): Illuminate\Auth\Passwords\PasswordBroker->Illuminate\Auth\Passwords\{closure}(Object(Illuminate\Support\Timebox))
#12 D:\Car_rent_system_BD\vendor\laravel\framework\src\Illuminate\Auth\Passwords\PasswordBroker.php(124): Illuminate\Support\Timebox->call(Object(Closure), 200000)
#13 D:\Car_rent_system_BD\vendor\laravel\framework\src\Illuminate\Auth\Passwords\PasswordBrokerManager.php(152): Illuminate\Auth\Passwords\PasswordBroker->reset(Object(SensitiveParameterValue), Object(Closure))
#14 D:\Car_rent_system_BD\vendor\laravel\framework\src\Illuminate\Support\Facades\Facade.php(363): Illuminate\Auth\Passwords\PasswordBrokerManager->__call('reset', Array)
#15 D:\Car_rent_system_BD\app\Http\Controllers\Auth\NewPasswordController.php(43): Illuminate\Support\Facades\Facade::__callStatic('reset', Array)
#16 D:\Car_rent_system_BD\vendor\laravel\framework\src\Illuminate\Routing\ControllerDispatcher.php(46): App\Http\Controllers\Auth\NewPasswordController->store(Object(Illuminate\Http\Request))
#17 D:\Car_rent_system_BD\vendor\laravel\framework\src\Illuminate\Routing\Route.php(265): Illuminate\Routing\ControllerDispatcher->dispatch(Object(Illuminate\Routing\Route), Object(App\Http\Controllers\Auth\NewPasswordController), 'store')
#18 D:\Car_rent_system_BD\vendor\laravel\framework\src\Illuminate\Routing\Route.php(211): Illuminate\Routing\Route->runController()
#19 D:\Car_rent_system_BD\vendor\laravel\framework\src\Illuminate\Routing\Router.php(822): Illuminate\Routing\Route->run()
#20 D:\Car_rent_system_BD\vendor\laravel\framework\src\Illuminate\Pipeline\Pipeline.php(180): Illuminate\Routing\Router->Illuminate\Routing\{closure}(Object(Illuminate\Http\Request))
#21 D:\Car_rent_system_BD\vendor\laravel\framework\src\Illuminate\Auth\Middleware\RedirectIfAuthenticated.php(47): Illuminate\Pipeline\Pipeline->Illuminate\Pipeline\{closure}(Object(Illuminate\Http\Request))
#22 D:\Car_rent_system_BD\vendor\laravel\framework\src\Illuminate\Pipeline\Pipeline.php(219): Illuminate\Auth\Middleware\RedirectIfAuthenticated->handle(Object(Illuminate\Http\Request), Object(Closure))
#23 D:\Car_rent_system_BD\vendor\laravel\framework\src\Illuminate\Routing\Middleware\SubstituteBindings.php(50): Illuminate\Pipeline\Pipeline->Illuminate\Pipeline\{closure}(Object(Illuminate\Http\Request))
#24 D:\Car_rent_system_BD\vendor\laravel\framework\src\Illuminate\Pipeline\Pipeline.php(219): Illuminate\Routing\Middleware\SubstituteBindings->handle(Object(Illuminate\Http\Request), Object(Closure))
#25 D:\Car_rent_system_BD\vendor\laravel\framework\src\Illuminate\Foundation\Http\Middleware\VerifyCsrfToken.php(87): Illuminate\Pipeline\Pipeline->Illuminate\Pipeline\{closure}(Object(Illuminate\Http\Request))
#26 D:\Car_rent_system_BD\vendor\laravel\framework\src\Illuminate\Pipeline\Pipeline.php(219): Illuminate\Foundation\Http\Middleware\VerifyCsrfToken->handle(Object(Illuminate\Http\Request), Object(Closure))
#27 D:\Car_rent_system_BD\vendor\laravel\framework\src\Illuminate\View\Middleware\ShareErrorsFromSession.php(48): Illuminate\Pipeline\Pipeline->Illuminate\Pipeline\{closure}(Object(Illuminate\Http\Request))
#28 D:\Car_rent_system_BD\vendor\laravel\framework\src\Illuminate\Pipeline\Pipeline.php(219): Illuminate\View\Middleware\ShareErrorsFromSession->handle(Object(Illuminate\Http\Request), Object(Closure))
#29 D:\Car_rent_system_BD\vendor\laravel\framework\src\Illuminate\Session\Middleware\StartSession.php(120): Illuminate\Pipeline\Pipeline->Illuminate\Pipeline\{closure}(Object(Illuminate\Http\Request))
#30 D:\Car_rent_system_BD\vendor\laravel\framework\src\Illuminate\Session\Middleware\StartSession.php(63): Illuminate\Session\Middleware\StartSession->handleStatefulRequest(Object(Illuminate\Http\Request), Object(Illuminate\Session\Store), Object(Closure))
#31 D:\Car_rent_system_BD\vendor\laravel\framework\src\Illuminate\Pipeline\Pipeline.php(219): Illuminate\Session\Middleware\StartSession->handle(Object(Illuminate\Http\Request), Object(Closure))
#32 D:\Car_rent_system_BD\vendor\laravel\framework\src\Illuminate\Cookie\Middleware\AddQueuedCookiesToResponse.php(36): Illuminate\Pipeline\Pipeline->Illuminate\Pipeline\{closure}(Object(Illuminate\Http\Request))
#33 D:\Car_rent_system_BD\vendor\laravel\framework\src\Illuminate\Pipeline\Pipeline.php(219): Illuminate\Cookie\Middleware\AddQueuedCookiesToResponse->handle(Object(Illuminate\Http\Request), Object(Closure))
#34 D:\Car_rent_system_BD\vendor\laravel\framework\src\Illuminate\Cookie\Middleware\EncryptCookies.php(74): Illuminate\Pipeline\Pipeline->Illuminate\Pipeline\{closure}(Object(Illuminate\Http\Request))
#35 D:\Car_rent_system_BD\vendor\laravel\framework\src\Illuminate\Pipeline\Pipeline.php(219): Illuminate\Cookie\Middleware\EncryptCookies->handle(Object(Illuminate\Http\Request), Object(Closure))
#36 D:\Car_rent_system_BD\vendor\laravel\framework\src\Illuminate\Pipeline\Pipeline.php(137): Illuminate\Pipeline\Pipeline->Illuminate\Pipeline\{closure}(Object(Illuminate\Http\Request))
#37 D:\Car_rent_system_BD\vendor\laravel\framework\src\Illuminate\Routing\Router.php(821): Illuminate\Pipeline\Pipeline->then(Object(Closure))
#38 D:\Car_rent_system_BD\vendor\laravel\framework\src\Illuminate\Routing\Router.php(800): Illuminate\Routing\Router->runRouteWithinStack(Object(Illuminate\Routing\Route), Object(Illuminate\Http\Request))
#39 D:\Car_rent_system_BD\vendor\laravel\framework\src\Illuminate\Routing\Router.php(764): Illuminate\Routing\Router->runRoute(Object(Illuminate\Http\Request), Object(Illuminate\Routing\Route))
#40 D:\Car_rent_system_BD\vendor\laravel\framework\src\Illuminate\Routing\Router.php(753): Illuminate\Routing\Router->dispatchToRoute(Object(Illuminate\Http\Request))
#41 D:\Car_rent_system_BD\vendor\laravel\framework\src\Illuminate\Foundation\Http\Kernel.php(200): Illuminate\Routing\Router->dispatch(Object(Illuminate\Http\Request))
#42 D:\Car_rent_system_BD\vendor\laravel\framework\src\Illuminate\Pipeline\Pipeline.php(180): Illuminate\Foundation\Http\Kernel->Illuminate\Foundation\Http\{closure}(Object(Illuminate\Http\Request))
#43 D:\Car_rent_system_BD\vendor\laravel\framework\src\Illuminate\Foundation\Http\Middleware\TransformsRequest.php(21): Illuminate\Pipeline\Pipeline->Illuminate\Pipeline\{closure}(Object(Illuminate\Http\Request))
#44 D:\Car_rent_system_BD\vendor\laravel\framework\src\Illuminate\Foundation\Http\Middleware\ConvertEmptyStringsToNull.php(31): Illuminate\Foundation\Http\Middleware\TransformsRequest->handle(Object(Illuminate\Http\Request), Object(Closure))
#45 D:\Car_rent_system_BD\vendor\laravel\framework\src\Illuminate\Pipeline\Pipeline.php(219): Illuminate\Foundation\Http\Middleware\ConvertEmptyStringsToNull->handle(Object(Illuminate\Http\Request), Object(Closure))
#46 D:\Car_rent_system_BD\vendor\laravel\framework\src\Illuminate\Foundation\Http\Middleware\TransformsRequest.php(21): Illuminate\Pipeline\Pipeline->Illuminate\Pipeline\{closure}(Object(Illuminate\Http\Request))
#47 D:\Car_rent_system_BD\vendor\laravel\framework\src\Illuminate\Foundation\Http\Middleware\TrimStrings.php(51): Illuminate\Foundation\Http\Middleware\TransformsRequest->handle(Object(Illuminate\Http\Request), Object(Closure))
#48 D:\Car_rent_system_BD\vendor\laravel\framework\src\Illuminate\Pipeline\Pipeline.php(219): Illuminate\Foundation\Http\Middleware\TrimStrings->handle(Object(Illuminate\Http\Request), Object(Closure))
#49 D:\Car_rent_system_BD\vendor\laravel\framework\src\Illuminate\Http\Middleware\ValidatePostSize.php(27): Illuminate\Pipeline\Pipeline->Illuminate\Pipeline\{closure}(Object(Illuminate\Http\Request))
#50 D:\Car_rent_system_BD\vendor\laravel\framework\src\Illuminate\Pipeline\Pipeline.php(219): Illuminate\Http\Middleware\ValidatePostSize->handle(Object(Illuminate\Http\Request), Object(Closure))
#51 D:\Car_rent_system_BD\vendor\laravel\framework\src\Illuminate\Foundation\Http\Middleware\PreventRequestsDuringMaintenance.php(109): Illuminate\Pipeline\Pipeline->Illuminate\Pipeline\{closure}(Object(Illuminate\Http\Request))
#52 D:\Car_rent_system_BD\vendor\laravel\framework\src\Illuminate\Pipeline\Pipeline.php(219): Illuminate\Foundation\Http\Middleware\PreventRequestsDuringMaintenance->handle(Object(Illuminate\Http\Request), Object(Closure))
#53 D:\Car_rent_system_BD\vendor\laravel\framework\src\Illuminate\Http\Middleware\HandleCors.php(61): Illuminate\Pipeline\Pipeline->Illuminate\Pipeline\{closure}(Object(Illuminate\Http\Request))
#54 D:\Car_rent_system_BD\vendor\laravel\framework\src\Illuminate\Pipeline\Pipeline.php(219): Illuminate\Http\Middleware\HandleCors->handle(Object(Illuminate\Http\Request), Object(Closure))
#55 D:\Car_rent_system_BD\vendor\laravel\framework\src\Illuminate\Http\Middleware\TrustProxies.php(58): Illuminate\Pipeline\Pipeline->Illuminate\Pipeline\{closure}(Object(Illuminate\Http\Request))
#56 D:\Car_rent_system_BD\vendor\laravel\framework\src\Illuminate\Pipeline\Pipeline.php(219): Illuminate\Http\Middleware\TrustProxies->handle(Object(Illuminate\Http\Request), Object(Closure))
#57 D:\Car_rent_system_BD\vendor\laravel\framework\src\Illuminate\Foundation\Http\Middleware\InvokeDeferredCallbacks.php(22): Illuminate\Pipeline\Pipeline->Illuminate\Pipeline\{closure}(Object(Illuminate\Http\Request))
#58 D:\Car_rent_system_BD\vendor\laravel\framework\src\Illuminate\Pipeline\Pipeline.php(219): Illuminate\Foundation\Http\Middleware\InvokeDeferredCallbacks->handle(Object(Illuminate\Http\Request), Object(Closure))
#59 D:\Car_rent_system_BD\vendor\laravel\framework\src\Illuminate\Http\Middleware\ValidatePathEncoding.php(26): Illuminate\Pipeline\Pipeline->Illuminate\Pipeline\{closure}(Object(Illuminate\Http\Request))
#60 D:\Car_rent_system_BD\vendor\laravel\framework\src\Illuminate\Pipeline\Pipeline.php(219): Illuminate\Http\Middleware\ValidatePathEncoding->handle(Object(Illuminate\Http\Request), Object(Closure))
#61 D:\Car_rent_system_BD\vendor\laravel\framework\src\Illuminate\Pipeline\Pipeline.php(137): Illuminate\Pipeline\Pipeline->Illuminate\Pipeline\{closure}(Object(Illuminate\Http\Request))
#62 D:\Car_rent_system_BD\vendor\laravel\framework\src\Illuminate\Foundation\Http\Kernel.php(175): Illuminate\Pipeline\Pipeline->then(Object(Closure))
#63 D:\Car_rent_system_BD\vendor\laravel\framework\src\Illuminate\Foundation\Http\Kernel.php(144): Illuminate\Foundation\Http\Kernel->sendRequestThroughRouter(Object(Illuminate\Http\Request))
#64 D:\Car_rent_system_BD\vendor\laravel\framework\src\Illuminate\Foundation\Testing\Concerns\MakesHttpRequests.php(607): Illuminate\Foundation\Http\Kernel->handle(Object(Illuminate\Http\Request))
#65 D:\Car_rent_system_BD\vendor\laravel\framework\src\Illuminate\Foundation\Testing\Concerns\MakesHttpRequests.php(397): Illuminate\Foundation\Testing\TestCase->call('POST', '/reset-password', Array, Array, Array, Array)
#66 D:\Car_rent_system_BD\tests\Feature\Auth\PasswordResetTest.php(47): Illuminate\Foundation\Testing\TestCase->post('/reset-password', Array)
#67 D:\Car_rent_system_BD\vendor\laravel\framework\src\Illuminate\Support\Testing\Fakes\NotificationFake.php(261): P\Tests\Feature\Auth\PasswordResetTest->{closure}(Object(Illuminate\Auth\Notifications\ResetPassword), Array, Object(App\Models\User), NULL)
#68 [internal function]: Illuminate\Support\Testing\Fakes\NotificationFake->Illuminate\Support\Testing\Fakes\{closure}(Array, 0)
#69 D:\Car_rent_system_BD\vendor\laravel\framework\src\Illuminate\Collections\Arr.php(1240): array_filter(Array, Object(Closure), 1)
#70 D:\Car_rent_system_BD\vendor\laravel\framework\src\Illuminate\Collections\Collection.php(415): Illuminate\Support\Arr::where(Array, Object(Closure))
#71 D:\Car_rent_system_BD\vendor\laravel\framework\src\Illuminate\Support\Testing\Fakes\NotificationFake.php(260): Illuminate\Support\Collection->filter(Object(Closure))
#72 D:\Car_rent_system_BD\vendor\laravel\framework\src\Illuminate\Support\Testing\Fakes\NotificationFake.php(90): Illuminate\Support\Testing\Fakes\NotificationFake->sent(Object(App\Models\User), 'Illuminate\\Auth...', Object(Closure))
#73 D:\Car_rent_system_BD\vendor\laravel\framework\src\Illuminate\Support\Facades\Facade.php(363): Illuminate\Support\Testing\Fakes\NotificationFake->assertSentTo(Object(App\Models\User), 'Illuminate\\Auth...', Object(Closure))
#74 D:\Car_rent_system_BD\tests\Feature\Auth\PasswordResetTest.php(46): Illuminate\Support\Facades\Facade::__callStatic('assertSentTo', Array)
#75 D:\Car_rent_system_BD\vendor\pestphp\pest\src\Factories\TestCaseMethodFactory.php(171): P\Tests\Feature\Auth\PasswordResetTest->{closure}()
#76 [internal function]: P\Tests\Feature\Auth\PasswordResetTest->Pest\Factories\{closure}()
#77 D:\Car_rent_system_BD\vendor\pestphp\pest\src\Concerns\Testable.php(419): call_user_func_array(Object(Closure), Array)
#78 D:\Car_rent_system_BD\vendor\pestphp\pest\src\Support\ExceptionTrace.php(26): P\Tests\Feature\Auth\PasswordResetTest->Pest\Concerns\{closure}()
#79 D:\Car_rent_system_BD\vendor\pestphp\pest\src\Concerns\Testable.php(419): Pest\Support\ExceptionTrace::ensure(Object(Closure))
#80 D:\Car_rent_system_BD\vendor\pestphp\pest\src\Concerns\Testable.php(321): P\Tests\Feature\Auth\PasswordResetTest->__callClosure(Object(Closure), Array)
#81 D:\Car_rent_system_BD\vendor\pestphp\pest\src\Factories\TestCaseFactory.php(170) : eval()'d code(44): P\Tests\Feature\Auth\PasswordResetTest->__runTest(Object(Closure))
#82 D:\Car_rent_system_BD\vendor\phpunit\phpunit\src\Framework\TestCase.php(1667): P\Tests\Feature\Auth\PasswordResetTest->__pest_evaluable_password_can_be_reset_with_valid_token()
#83 D:\Car_rent_system_BD\vendor\phpunit\phpunit\src\Framework\TestCase.php(519): PHPUnit\Framework\TestCase->runTest()
#84 D:\Car_rent_system_BD\vendor\phpunit\phpunit\src\Framework\TestRunner\TestRunner.php(87): PHPUnit\Framework\TestCase->runBare()
#85 D:\Car_rent_system_BD\vendor\phpunit\phpunit\src\Framework\TestCase.php(365): PHPUnit\Framework\TestRunner->run(Object(P\Tests\Feature\Auth\PasswordResetTest))
#86 D:\Car_rent_system_BD\vendor\phpunit\phpunit\src\Framework\TestSuite.php(369): PHPUnit\Framework\TestCase->run()
#87 D:\Car_rent_system_BD\vendor\phpunit\phpunit\src\Framework\TestSuite.php(369): PHPUnit\Framework\TestSuite->run()
#88 D:\Car_rent_system_BD\vendor\phpunit\phpunit\src\Framework\TestSuite.php(369): PHPUnit\Framework\TestSuite->run()
#89 D:\Car_rent_system_BD\vendor\phpunit\phpunit\src\TextUI\TestRunner.php(64): PHPUnit\Framework\TestSuite->run()
#90 D:\Car_rent_system_BD\vendor\phpunit\phpunit\src\TextUI\Application.php(211): PHPUnit\TextUI\TestRunner->run(Object(PHPUnit\TextUI\Configuration\Configuration), Object(PHPUnit\Runner\ResultCache\DefaultResultCache), Object(PHPUnit\Framework\TestSuite))
#91 D:\Car_rent_system_BD\vendor\pestphp\pest\src\Kernel.php(103): PHPUnit\TextUI\Application->run(Array)
#92 D:\Car_rent_system_BD\vendor\pestphp\pest\bin\pest(184): Pest\Kernel->handle(Array, Array)
#93 D:\Car_rent_system_BD\vendor\pestphp\pest\bin\pest(192): {closure}()
#94 {main}

Next Illuminate\Database\QueryException: SQLSTATE[HY000]: General error: 1 no such column: remember_token (Connection: sqlite, Database: :memory:, SQL: update "users" set "password" = $2y$04$FoaJSpr8Keznd1vJF6UKbumw9uYRSv/0P4mW1Al3uFXArL5HOTZNS, "remember_token" = EYDTJwTVRxtu7NvJK9oVmQQYT4W0EmLSA15mAFDk4hu2TOG6xV7LsbLm912s, "updated_at" = 2026-04-07 21:15:46 where "id" = 1) in D:\Car_rent_system_BD\vendor\laravel\framework\src\Illuminate\Database\Connection.php:838
Stack trace:
#0 D:\Car_rent_system_BD\vendor\laravel\framework\src\Illuminate\Database\Connection.php(794): Illuminate\Database\Connection->runQueryCallback('update "users" ...', Array, Object(Closure))
#1 D:\Car_rent_system_BD\vendor\laravel\framework\src\Illuminate\Database\Connection.php(597): Illuminate\Database\Connection->run('update "users" ...', Array, Object(Closure))
#2 D:\Car_rent_system_BD\vendor\laravel\framework\src\Illuminate\Database\Connection.php(549): Illuminate\Database\Connection->affectingStatement('update "users" ...', Array)
#3 D:\Car_rent_system_BD\vendor\laravel\framework\src\Illuminate\Database\Query\Builder.php(4234): Illuminate\Database\Connection->update('update "users" ...', Array)
#4 D:\Car_rent_system_BD\vendor\laravel\framework\src\Illuminate\Database\Eloquent\Builder.php(1266): Illuminate\Database\Query\Builder->update(Object(Illuminate\Support\Collection))
#5 D:\Car_rent_system_BD\vendor\laravel\framework\src\Illuminate\Database\Eloquent\Model.php(1316): Illuminate\Database\Eloquent\Builder->update(Array)
#6 D:\Car_rent_system_BD\vendor\laravel\framework\src\Illuminate\Database\Eloquent\Model.php(1233): Illuminate\Database\Eloquent\Model->performUpdate(Object(Illuminate\Database\Eloquent\Builder))
#7 D:\Car_rent_system_BD\app\Http\Controllers\Auth\NewPasswordController.php(49): Illuminate\Database\Eloquent\Model->save()
#8 D:\Car_rent_system_BD\vendor\laravel\framework\src\Illuminate\Auth\Passwords\PasswordBroker.php(139): App\Http\Controllers\Auth\NewPasswordController->App\Http\Controllers\Auth\{closure}(Object(App\Models\User), 'password')
#9 D:\Car_rent_system_BD\vendor\laravel\framework\src\Illuminate\Support\Timebox.php(34): Illuminate\Auth\Passwords\PasswordBroker->Illuminate\Auth\Passwords\{closure}(Object(Illuminate\Support\Timebox))
#10 D:\Car_rent_system_BD\vendor\laravel\framework\src\Illuminate\Auth\Passwords\PasswordBroker.php(124): Illuminate\Support\Timebox->call(Object(Closure), 200000)
#11 D:\Car_rent_system_BD\vendor\laravel\framework\src\Illuminate\Auth\Passwords\PasswordBrokerManager.php(152): Illuminate\Auth\Passwords\PasswordBroker->reset(Object(SensitiveParameterValue), Object(Closure))
#12 D:\Car_rent_system_BD\vendor\laravel\framework\src\Illuminate\Support\Facades\Facade.php(363): Illuminate\Auth\Passwords\PasswordBrokerManager->__call('reset', Array)
#13 D:\Car_rent_system_BD\app\Http\Controllers\Auth\NewPasswordController.php(43): Illuminate\Support\Facades\Facade::__callStatic('reset', Array)
#14 D:\Car_rent_system_BD\vendor\laravel\framework\src\Illuminate\Routing\ControllerDispatcher.php(46): App\Http\Controllers\Auth\NewPasswordController->store(Object(Illuminate\Http\Request))
#15 D:\Car_rent_system_BD\vendor\laravel\framework\src\Illuminate\Routing\Route.php(265): Illuminate\Routing\ControllerDispatcher->dispatch(Object(Illuminate\Routing\Route), Object(App\Http\Controllers\Auth\NewPasswordController), 'store')
#16 D:\Car_rent_system_BD\vendor\laravel\framework\src\Illuminate\Routing\Route.php(211): Illuminate\Routing\Route->runController()
#17 D:\Car_rent_system_BD\vendor\laravel\framework\src\Illuminate\Routing\Router.php(822): Illuminate\Routing\Route->run()
#18 D:\Car_rent_system_BD\vendor\laravel\framework\src\Illuminate\Pipeline\Pipeline.php(180): Illuminate\Routing\Router->Illuminate\Routing\{closure}(Object(Illuminate\Http\Request))
#19 D:\Car_rent_system_BD\vendor\laravel\framework\src\Illuminate\Auth\Middleware\RedirectIfAuthenticated.php(47): Illuminate\Pipeline\Pipeline->Illuminate\Pipeline\{closure}(Object(Illuminate\Http\Request))
#20 D:\Car_rent_system_BD\vendor\laravel\framework\src\Illuminate\Pipeline\Pipeline.php(219): Illuminate\Auth\Middleware\RedirectIfAuthenticated->handle(Object(Illuminate\Http\Request), Object(Closure))
#21 D:\Car_rent_system_BD\vendor\laravel\framework\src\Illuminate\Routing\Middleware\SubstituteBindings.php(50): Illuminate\Pipeline\Pipeline->Illuminate\Pipeline\{closure}(Object(Illuminate\Http\Request))
#22 D:\Car_rent_system_BD\vendor\laravel\framework\src\Illuminate\Pipeline\Pipeline.php(219): Illuminate\Routing\Middleware\SubstituteBindings->handle(Object(Illuminate\Http\Request), Object(Closure))
#23 D:\Car_rent_system_BD\vendor\laravel\framework\src\Illuminate\Foundation\Http\Middleware\VerifyCsrfToken.php(87): Illuminate\Pipeline\Pipeline->Illuminate\Pipeline\{closure}(Object(Illuminate\Http\Request))
#24 D:\Car_rent_system_BD\vendor\laravel\framework\src\Illuminate\Pipeline\Pipeline.php(219): Illuminate\Foundation\Http\Middleware\VerifyCsrfToken->handle(Object(Illuminate\Http\Request), Object(Closure))
#25 D:\Car_rent_system_BD\vendor\laravel\framework\src\Illuminate\View\Middleware\ShareErrorsFromSession.php(48): Illuminate\Pipeline\Pipeline->Illuminate\Pipeline\{closure}(Object(Illuminate\Http\Request))
#26 D:\Car_rent_system_BD\vendor\laravel\framework\src\Illuminate\Pipeline\Pipeline.php(219): Illuminate\View\Middleware\ShareErrorsFromSession->handle(Object(Illuminate\Http\Request), Object(Closure))
#27 D:\Car_rent_system_BD\vendor\laravel\framework\src\Illuminate\Session\Middleware\StartSession.php(120): Illuminate\Pipeline\Pipeline->Illuminate\Pipeline\{closure}(Object(Illuminate\Http\Request))
#28 D:\Car_rent_system_BD\vendor\laravel\framework\src\Illuminate\Session\Middleware\StartSession.php(63): Illuminate\Session\Middleware\StartSession->handleStatefulRequest(Object(Illuminate\Http\Request), Object(Illuminate\Session\Store), Object(Closure))
#29 D:\Car_rent_system_BD\vendor\laravel\framework\src\Illuminate\Pipeline\Pipeline.php(219): Illuminate\Session\Middleware\StartSession->handle(Object(Illuminate\Http\Request), Object(Closure))
#30 D:\Car_rent_system_BD\vendor\laravel\framework\src\Illuminate\Cookie\Middleware\AddQueuedCookiesToResponse.php(36): Illuminate\Pipeline\Pipeline->Illuminate\Pipeline\{closure}(Object(Illuminate\Http\Request))
#31 D:\Car_rent_system_BD\vendor\laravel\framework\src\Illuminate\Pipeline\Pipeline.php(219): Illuminate\Cookie\Middleware\AddQueuedCookiesToResponse->handle(Object(Illuminate\Http\Request), Object(Closure))
#32 D:\Car_rent_system_BD\vendor\laravel\framework\src\Illuminate\Cookie\Middleware\EncryptCookies.php(74): Illuminate\Pipeline\Pipeline->Illuminate\Pipeline\{closure}(Object(Illuminate\Http\Request))
#33 D:\Car_rent_system_BD\vendor\laravel\framework\src\Illuminate\Pipeline\Pipeline.php(219): Illuminate\Cookie\Middleware\EncryptCookies->handle(Object(Illuminate\Http\Request), Object(Closure))
#34 D:\Car_rent_system_BD\vendor\laravel\framework\src\Illuminate\Pipeline\Pipeline.php(137): Illuminate\Pipeline\Pipeline->Illuminate\Pipeline\{closure}(Object(Illuminate\Http\Request))
#35 D:\Car_rent_system_BD\vendor\laravel\framework\src\Illuminate\Routing\Router.php(821): Illuminate\Pipeline\Pipeline->then(Object(Closure))
#36 D:\Car_rent_system_BD\vendor\laravel\framework\src\Illuminate\Routing\Router.php(800): Illuminate\Routing\Router->runRouteWithinStack(Object(Illuminate\Routing\Route), Object(Illuminate\Http\Request))
#37 D:\Car_rent_system_BD\vendor\laravel\framework\src\Illuminate\Routing\Router.php(764): Illuminate\Routing\Router->runRoute(Object(Illuminate\Http\Request), Object(Illuminate\Routing\Route))
#38 D:\Car_rent_system_BD\vendor\laravel\framework\src\Illuminate\Routing\Router.php(753): Illuminate\Routing\Router->dispatchToRoute(Object(Illuminate\Http\Request))
#39 D:\Car_rent_system_BD\vendor\laravel\framework\src\Illuminate\Foundation\Http\Kernel.php(200): Illuminate\Routing\Router->dispatch(Object(Illuminate\Http\Request))
#40 D:\Car_rent_system_BD\vendor\laravel\framework\src\Illuminate\Pipeline\Pipeline.php(180): Illuminate\Foundation\Http\Kernel->Illuminate\Foundation\Http\{closure}(Object(Illuminate\Http\Request))
#41 D:\Car_rent_system_BD\vendor\laravel\framework\src\Illuminate\Foundation\Http\Middleware\TransformsRequest.php(21): Illuminate\Pipeline\Pipeline->Illuminate\Pipeline\{closure}(Object(Illuminate\Http\Request))
#42 D:\Car_rent_system_BD\vendor\laravel\framework\src\Illuminate\Foundation\Http\Middleware\ConvertEmptyStringsToNull.php(31): Illuminate\Foundation\Http\Middleware\TransformsRequest->handle(Object(Illuminate\Http\Request), Object(Closure))
#43 D:\Car_rent_system_BD\vendor\laravel\framework\src\Illuminate\Pipeline\Pipeline.php(219): Illuminate\Foundation\Http\Middleware\ConvertEmptyStringsToNull->handle(Object(Illuminate\Http\Request), Object(Closure))
#44 D:\Car_rent_system_BD\vendor\laravel\framework\src\Illuminate\Foundation\Http\Middleware\TransformsRequest.php(21): Illuminate\Pipeline\Pipeline->Illuminate\Pipeline\{closure}(Object(Illuminate\Http\Request))
#45 D:\Car_rent_system_BD\vendor\laravel\framework\src\Illuminate\Foundation\Http\Middleware\TrimStrings.php(51): Illuminate\Foundation\Http\Middleware\TransformsRequest->handle(Object(Illuminate\Http\Request), Object(Closure))
#46 D:\Car_rent_system_BD\vendor\laravel\framework\src\Illuminate\Pipeline\Pipeline.php(219): Illuminate\Foundation\Http\Middleware\TrimStrings->handle(Object(Illuminate\Http\Request), Object(Closure))
#47 D:\Car_rent_system_BD\vendor\laravel\framework\src\Illuminate\Http\Middleware\ValidatePostSize.php(27): Illuminate\Pipeline\Pipeline->Illuminate\Pipeline\{closure}(Object(Illuminate\Http\Request))
#48 D:\Car_rent_system_BD\vendor\laravel\framework\src\Illuminate\Pipeline\Pipeline.php(219): Illuminate\Http\Middleware\ValidatePostSize->handle(Object(Illuminate\Http\Request), Object(Closure))
#49 D:\Car_rent_system_BD\vendor\laravel\framework\src\Illuminate\Foundation\Http\Middleware\PreventRequestsDuringMaintenance.php(109): Illuminate\Pipeline\Pipeline->Illuminate\Pipeline\{closure}(Object(Illuminate\Http\Request))
#50 D:\Car_rent_system_BD\vendor\laravel\framework\src\Illuminate\Pipeline\Pipeline.php(219): Illuminate\Foundation\Http\Middleware\PreventRequestsDuringMaintenance->handle(Object(Illuminate\Http\Request), Object(Closure))
#51 D:\Car_rent_system_BD\vendor\laravel\framework\src\Illuminate\Http\Middleware\HandleCors.php(61): Illuminate\Pipeline\Pipeline->Illuminate\Pipeline\{closure}(Object(Illuminate\Http\Request))
#52 D:\Car_rent_system_BD\vendor\laravel\framework\src\Illuminate\Pipeline\Pipeline.php(219): Illuminate\Http\Middleware\HandleCors->handle(Object(Illuminate\Http\Request), Object(Closure))
#53 D:\Car_rent_system_BD\vendor\laravel\framework\src\Illuminate\Http\Middleware\TrustProxies.php(58): Illuminate\Pipeline\Pipeline->Illuminate\Pipeline\{closure}(Object(Illuminate\Http\Request))
#54 D:\Car_rent_system_BD\vendor\laravel\framework\src\Illuminate\Pipeline\Pipeline.php(219): Illuminate\Http\Middleware\TrustProxies->handle(Object(Illuminate\Http\Request), Object(Closure))
#55 D:\Car_rent_system_BD\vendor\laravel\framework\src\Illuminate\Foundation\Http\Middleware\InvokeDeferredCallbacks.php(22): Illuminate\Pipeline\Pipeline->Illuminate\Pipeline\{closure}(Object(Illuminate\Http\Request))
#56 D:\Car_rent_system_BD\vendor\laravel\framework\src\Illuminate\Pipeline\Pipeline.php(219): Illuminate\Foundation\Http\Middleware\InvokeDeferredCallbacks->handle(Object(Illuminate\Http\Request), Object(Closure))
#57 D:\Car_rent_system_BD\vendor\laravel\framework\src\Illuminate\Http\Middleware\ValidatePathEncoding.php(26): Illuminate\Pipeline\Pipeline->Illuminate\Pipeline\{closure}(Object(Illuminate\Http\Request))
#58 D:\Car_rent_system_BD\vendor\laravel\framework\src\Illuminate\Pipeline\Pipeline.php(219): Illuminate\Http\Middleware\ValidatePathEncoding->handle(Object(Illuminate\Http\Request), Object(Closure))
#59 D:\Car_rent_system_BD\vendor\laravel\framework\src\Illuminate\Pipeline\Pipeline.php(137): Illuminate\Pipeline\Pipeline->Illuminate\Pipeline\{closure}(Object(Illuminate\Http\Request))
#60 D:\Car_rent_system_BD\vendor\laravel\framework\src\Illuminate\Foundation\Http\Kernel.php(175): Illuminate\Pipeline\Pipeline->then(Object(Closure))
#61 D:\Car_rent_system_BD\vendor\laravel\framework\src\Illuminate\Foundation\Http\Kernel.php(144): Illuminate\Foundation\Http\Kernel->sendRequestThroughRouter(Object(Illuminate\Http\Request))
#62 D:\Car_rent_system_BD\vendor\laravel\framework\src\Illuminate\Foundation\Testing\Concerns\MakesHttpRequests.php(607): Illuminate\Foundation\Http\Kernel->handle(Object(Illuminate\Http\Request))
#63 D:\Car_rent_system_BD\vendor\laravel\framework\src\Illuminate\Foundation\Testing\Concerns\MakesHttpRequests.php(397): Illuminate\Foundation\Testing\TestCase->call('POST', '/reset-password', Array, Array, Array, Array)
#64 D:\Car_rent_system_BD\tests\Feature\Auth\PasswordResetTest.php(47): Illuminate\Foundation\Testing\TestCase->post('/reset-password', Array)
#65 D:\Car_rent_system_BD\vendor\laravel\framework\src\Illuminate\Support\Testing\Fakes\NotificationFake.php(261): P\Tests\Feature\Auth\PasswordResetTest->{closure}(Object(Illuminate\Auth\Notifications\ResetPassword), Array, Object(App\Models\User), NULL)
#66 [internal function]: Illuminate\Support\Testing\Fakes\NotificationFake->Illuminate\Support\Testing\Fakes\{closure}(Array, 0)
#67 D:\Car_rent_system_BD\vendor\laravel\framework\src\Illuminate\Collections\Arr.php(1240): array_filter(Array, Object(Closure), 1)
#68 D:\Car_rent_system_BD\vendor\laravel\framework\src\Illuminate\Collections\Collection.php(415): Illuminate\Support\Arr::where(Array, Object(Closure))
#69 D:\Car_rent_system_BD\vendor\laravel\framework\src\Illuminate\Support\Testing\Fakes\NotificationFake.php(260): Illuminate\Support\Collection->filter(Object(Closure))
#70 D:\Car_rent_system_BD\vendor\laravel\framework\src\Illuminate\Support\Testing\Fakes\NotificationFake.php(90): Illuminate\Support\Testing\Fakes\NotificationFake->sent(Object(App\Models\User), 'Illuminate\\Auth...', Object(Closure))
#71 D:\Car_rent_system_BD\vendor\laravel\framework\src\Illuminate\Support\Facades\Facade.php(363): Illuminate\Support\Testing\Fakes\NotificationFake->assertSentTo(Object(App\Models\User), 'Illuminate\\Auth...', Object(Closure))
#72 D:\Car_rent_system_BD\tests\Feature\Auth\PasswordResetTest.php(46): Illuminate\Support\Facades\Facade::__callStatic('assertSentTo', Array)
#73 D:\Car_rent_system_BD\vendor\pestphp\pest\src\Factories\TestCaseMethodFactory.php(171): P\Tests\Feature\Auth\PasswordResetTest->{closure}()
#74 [internal function]: P\Tests\Feature\Auth\PasswordResetTest->Pest\Factories\{closure}()
#75 D:\Car_rent_system_BD\vendor\pestphp\pest\src\Concerns\Testable.php(419): call_user_func_array(Object(Closure), Array)
#76 D:\Car_rent_system_BD\vendor\pestphp\pest\src\Support\ExceptionTrace.php(26): P\Tests\Feature\Auth\PasswordResetTest->Pest\Concerns\{closure}()
#77 D:\Car_rent_system_BD\vendor\pestphp\pest\src\Concerns\Testable.php(419): Pest\Support\ExceptionTrace::ensure(Object(Closure))
#78 D:\Car_rent_system_BD\vendor\pestphp\pest\src\Concerns\Testable.php(321): P\Tests\Feature\Auth\PasswordResetTest->__callClosure(Object(Closure), Array)
#79 D:\Car_rent_system_BD\vendor\pestphp\pest\src\Factories\TestCaseFactory.php(170) : eval()'d code(44): P\Tests\Feature\Auth\PasswordResetTest->__runTest(Object(Closure))
#80 D:\Car_rent_system_BD\vendor\phpunit\phpunit\src\Framework\TestCase.php(1667): P\Tests\Feature\Auth\PasswordResetTest->__pest_evaluable_password_can_be_reset_with_valid_token()
#81 D:\Car_rent_system_BD\vendor\phpunit\phpunit\src\Framework\TestCase.php(519): PHPUnit\Framework\TestCase->runTest()
#82 D:\Car_rent_system_BD\vendor\phpunit\phpunit\src\Framework\TestRunner\TestRunner.php(87): PHPUnit\Framework\TestCase->runBare()
#83 D:\Car_rent_system_BD\vendor\phpunit\phpunit\src\Framework\TestCase.php(365): PHPUnit\Framework\TestRunner->run(Object(P\Tests\Feature\Auth\PasswordResetTest))
#84 D:\Car_rent_system_BD\vendor\phpunit\phpunit\src\Framework\TestSuite.php(369): PHPUnit\Framework\TestCase->run()
#85 D:\Car_rent_system_BD\vendor\phpunit\phpunit\src\Framework\TestSuite.php(369): PHPUnit\Framework\TestSuite->run()
#86 D:\Car_rent_system_BD\vendor\phpunit\phpunit\src\Framework\TestSuite.php(369): PHPUnit\Framework\TestSuite->run()
#87 D:\Car_rent_system_BD\vendor\phpunit\phpunit\src\TextUI\TestRunner.php(64): PHPUnit\Framework\TestSuite->run()
#88 D:\Car_rent_system_BD\vendor\phpunit\phpunit\src\TextUI\Application.php(211): PHPUnit\TextUI\TestRunner->run(Object(PHPUnit\TextUI\Configuration\Configuration), Object(PHPUnit\Runner\ResultCache\DefaultResultCache), Object(PHPUnit\Framework\TestSuite))
#89 D:\Car_rent_system_BD\vendor\pestphp\pest\src\Kernel.php(103): PHPUnit\TextUI\Application->run(Array)
#90 D:\Car_rent_system_BD\vendor\pestphp\pest\bin\pest(184): Pest\Kernel->handle(Array, Array)
#91 D:\Car_rent_system_BD\vendor\pestphp\pest\bin\pest(192): {closure}()
#92 {main}

----------------------------------------------------------------------------------

SQLSTATE[HY000]: General error: 1 no such column: remember_token (Connection: sqlite, Database: :memory:, SQL: update "users" set "password" = $2y$04$FoaJSpr8Keznd1vJF6UKbumw9uYRSv/0P4mW1Al3uFXArL5HOTZNS, "remember_token" = EYDTJwTVRxtu7NvJK9oVmQQYT4W0EmLSA15mAFDk4hu2TOG6xV7LsbLm912s, "updated_at" = 2026-04-07 21:15:46 where "id" = 1)

  at tests\Feature\Auth\PasswordResetTest.php:56
     52Γûò         ]);
     53Γûò 
     54Γûò         $response
     55Γûò             ->assertSessionHasNoErrors()
  Γ₧£  56Γûò             ->assertRedirect(route('login'));
     57Γûò 
     58Γûò         return true;
     59Γûò     });
     60Γûò });

  1   vendor\laravel\framework\src\Illuminate\Support\Testing\Fakes\NotificationFake.php:261
  2   vendor\laravel\framework\src\Illuminate\Collections\Arr.php:1240


  Tests:    2 failed, 23 passed (56 assertions)
  Duration: 3.77s

